# Sanitized deterministic verification terminal results
# Raw temporary working trees are intentionally not committed.

[deterministic_baseline]
command=FIGUREFORGE_RUN_LIVE_EVALS=0 /bin/sh scripts/verify_figureforge_v110.sh
source_commit=2f92d6370563a12862c111d61f3831c83da8b025
source_tree=b17435309d9d8e4a967d8211e5b7c4e35e323389
worktree_state=clean
manifest_sha256=12752a5688f4939a6d5deb72a60cbc2587077d6ad0672d9ea8218d021ecf0398
Verification artifacts: /tmp/figureforge-v110.4Ywsys
FigureForge Skill v1.1.0 acceptance: PASS

[deterministic_pre_certification]
command=FIGUREFORGE_RUN_LIVE_EVALS=0 /bin/sh scripts/verify_figureforge_v110.sh
skill_harness_source_commit=2f92d6370563a12862c111d61f3831c83da8b025
worktree_state=documentation_only_dirty
documentation_content_later_committed_as=2983880a8d8f19cd53d73f4a64236e75c9b247c0
manifest_sha256=12752a5688f4939a6d5deb72a60cbc2587077d6ad0672d9ea8218d021ecf0398
Verification artifacts: /tmp/figureforge-v110.RMisRW
FigureForge Skill v1.1.0 acceptance: PASS

[independent_spec_review]
command=FIGUREFORGE_RUN_LIVE_EVALS=0 /bin/sh scripts/verify_figureforge_v110.sh
skill_harness_source_commit=2f92d6370563a12862c111d61f3831c83da8b025
worktree_state=documentation_only_dirty
documentation_content_later_committed_as=f475a308709269f35a7253f8ce930f7ba7e49f10
manifest_sha256=12752a5688f4939a6d5deb72a60cbc2587077d6ad0672d9ea8218d021ecf0398
Verification artifacts: /tmp/figureforge-v110.Yoo1lv
FigureForge Skill v1.1.0 acceptance: PASS
